{
    "fasta_gtf": {
        "content": [
            "[Genome, Log.out, SA, SAindex, chrLength.txt, chrName.txt, chrNameLength.txt, chrStart.txt, exonGeTrInfo.tab, exonInfo.tab, geneInfo.tab, genomeParameters.txt, sjdbInfo.txt, sjdbList.fromGTF.out.tab, sjdbList.out.tab, transcriptInfo.tab]",
            [
                "versions",
                [
                    [
                        "STAR_GENOMEGENERATE",
                        "gawk",
                        "5.1.0"
                    ]
                ],
                [
                    [
                        "STAR_GENOMEGENERATE",
                        "samtools",
                        "1.21"
                    ]
                ],
                [
                    [
                        "STAR_GENOMEGENERATE",
                        "star",
                        "2.7.11b"
                    ]
                ]
            ]
        ],
        "meta": {
            "nf-test": "0.9.2",
            "nextflow": "25.04.6"
        },
        "timestamp": "2025-08-29T11:28:18.496944557"
    },
    "fasta_gtf_stub": {
        "content": [
            [
                [
                    {
                        "id": "test"
                    },
                    [
                        "Genome:md5,d41d8cd98f00b204e9800998ecf8427e",
                        "Log.out:md5,d41d8cd98f00b204e9800998ecf8427e",
                        "SA:md5,d41d8cd98f00b204e9800998ecf8427e",
                        "SAindex:md5,d41d8cd98f00b204e9800998ecf8427e",
                        "chrLength.txt:md5,d41d8cd98f00b204e9800998ecf8427e",
                        "chrName.txt:md5,d41d8cd98f00b204e9800998ecf8427e",
                        "chrNameLength.txt:md5,d41d8cd98f00b204e9800998ecf8427e",
                        "chrStart.txt:md5,d41d8cd98f00b204e9800998ecf8427e",
                        "exonGeTrInfo.tab:md5,d41d8cd98f00b204e9800998ecf8427e",
                        "exonInfo.tab:md5,d41d8cd98f00b204e9800998ecf8427e",
                        "geneInfo.tab:md5,d41d8cd98f00b204e9800998ecf8427e",
                        "genomeParameters.txt:md5,d41d8cd98f00b204e9800998ecf8427e",
                        "sjdbInfo.txt:md5,d41d8cd98f00b204e9800998ecf8427e",
                        "sjdbList.fromGTF.out.tab:md5,d41d8cd98f00b204e9800998ecf8427e",
                        "sjdbList.out.tab:md5,d41d8cd98f00b204e9800998ecf8427e",
                        "transcriptInfo.tab:md5,d41d8cd98f00b204e9800998ecf8427e"
                    ]
                ]
            ],
            [
                "versions",
                [
                    [
                        "STAR_GENOMEGENERATE",
                        "gawk",
                        "5.1.0"
                    ]
                ],
                [
                    [
                        "STAR_GENOMEGENERATE",
                        "samtools",
                        "1.21"
                    ]
                ],
                [
                    [
                        "STAR_GENOMEGENERATE",
                        "star",
                        "2.7.11b"
                    ]
                ]
            ]
        ],
        "meta": {
            "nf-test": "0.9.2",
            "nextflow": "25.04.6"
        },
        "timestamp": "2025-08-29T11:28:40.307839306"
    },
    "fasta_stub": {
        "content": [
            [
                [
                    {
                        "id": "test"
                    },
                    [
                        "Genome:md5,d41d8cd98f00b204e9800998ecf8427e",
                        "Log.out:md5,d41d8cd98f00b204e9800998ecf8427e",
                        "SA:md5,d41d8cd98f00b204e9800998ecf8427e",
                        "SAindex:md5,d41d8cd98f00b204e9800998ecf8427e",
                        "chrLength.txt:md5,d41d8cd98f00b204e9800998ecf8427e",
                        "chrName.txt:md5,d41d8cd98f00b204e9800998ecf8427e",
                        "chrNameLength.txt:md5,d41d8cd98f00b204e9800998ecf8427e",
                        "chrStart.txt:md5,d41d8cd98f00b204e9800998ecf8427e",
                        "genomeParameters.txt:md5,d41d8cd98f00b204e9800998ecf8427e"
                    ]
                ]
            ],
            [
                "versions",
                [
                    [
                        "STAR_GENOMEGENERATE",
                        "gawk",
                        "5.1.0"
                    ]
                ],
                [
                    [
                        "STAR_GENOMEGENERATE",
                        "samtools",
                        "1.21"
                    ]
                ],
                [
                    [
                        "STAR_GENOMEGENERATE",
                        "star",
                        "2.7.11b"
                    ]
                ]
            ]
        ],
        "meta": {
            "nf-test": "0.9.2",
            "nextflow": "25.04.6"
        },
        "timestamp": "2025-08-29T11:28:50.857656136"
    },
    "fasta": {
        "content": [
            "[Genome, Log.out, SA, SAindex, chrLength.txt, chrName.txt, chrNameLength.txt, chrStart.txt, genomeParameters.txt]",
            [
                "versions",
                [
                    [
                        "STAR_GENOMEGENERATE",
                        "gawk",
                        "5.1.0"
                    ]
                ],
                [
                    [
                        "STAR_GENOMEGENERATE",
                        "samtools",
                        "1.21"
                    ]
                ],
                [
                    [
                        "STAR_GENOMEGENERATE",
                        "star",
                        "2.7.11b"
                    ]
                ]
            ]
        ],
        "meta": {
            "nf-test": "0.9.2",
            "nextflow": "25.04.6"
        },
        "timestamp": "2025-08-29T11:28:29.860038713"
    }
}