{
    "sarscov2_se_fastq_fasta_chr22_fasta": {
        "content": [
            [
                "chr1.chrom.gz:md5,8fec4c63ec642613ad10adf4cc2e6ade",
                "chr1_index_k13_c13_b1.block:md5,385913c1e84b77dc7bf36288ee1c8706",
                "chr1_index_k13_c13_b1.block2.gz:md5,2556b45206835a0ff7078d683b5fd6e2",
                "merged_ref_9222711925172838098.fa.gz:md5,983cef447fb28394b88a5b49b3579f0c",
                "namelist.txt:md5,45e7a4cdc7a11a39ada56844ca3a1e30"
            ],
            [
                "versions",
                [
                    [
                        "BBMAP_BBSPLIT",
                        "bbmap",
                        "39.18"
                    ]
                ]
            ]
        ],
        "meta": {
            "nf-test": "0.9.2",
            "nextflow": "25.04.6"
        },
        "timestamp": "2025-08-28T18:55:02.757945593"
    },
    "sarscov2_se_fastq_fasta_chr22_fasta - index": {
        "content": [
            [
                "versions",
                [
                    [
                        "BBMAP_BBSPLIT",
                        "bbmap",
                        "39.18"
                    ]
                ]
            ]
        ],
        "meta": {
            "nf-test": "0.9.2",
            "nextflow": "25.04.6"
        },
        "timestamp": "2025-08-28T18:54:02.618597433"
    },
    "sarscov2_se_fastq_fasta_chr22_fasta - index - stub": {
        "content": [
            [
                [
                    
                ]
            ],
            [
                
            ],
            [
                
            ],
            [
                
            ],
            [
                [
                    {
                        "id": "no_reads"
                    },
                    "no_reads.log:md5,d41d8cd98f00b204e9800998ecf8427e"
                ]
            ],
            [
                "versions",
                [
                    [
                        "BBMAP_BBSPLIT",
                        "bbmap",
                        "39.18"
                    ]
                ]
            ]
        ],
        "meta": {
            "nf-test": "0.9.2",
            "nextflow": "25.04.6"
        },
        "timestamp": "2025-08-28T18:54:27.417779242"
    },
    "sarscov2_se_fastq_fasta_chr22_fasta - stub": {
        "content": [
            [
                [
                    
                ]
            ],
            [
                [
                    {
                        "id": "test",
                        "single_end": true
                    },
                    "test_primary.fastq.gz:md5,68b329da9893e34099c7d8ad5cb9c940"
                ]
            ],
            [
                [
                    {
                        "id": "test",
                        "single_end": true
                    },
                    [
                        "test_human.fastq.gz:md5,68b329da9893e34099c7d8ad5cb9c940",
                        "test_primary.fastq.gz:md5,68b329da9893e34099c7d8ad5cb9c940"
                    ]
                ]
            ],
            [
                [
                    {
                        "id": "test",
                        "single_end": true
                    },
                    "test.stats.txt:md5,d41d8cd98f00b204e9800998ecf8427e"
                ]
            ],
            [
                [
                    {
                        "id": "test",
                        "single_end": true
                    },
                    "test.log:md5,d41d8cd98f00b204e9800998ecf8427e"
                ]
            ],
            [
                "versions",
                [
                    [
                        "BBMAP_BBSPLIT",
                        "bbmap",
                        "39.18"
                    ]
                ]
            ]
        ],
        "meta": {
            "nf-test": "0.9.2",
            "nextflow": "25.04.6"
        },
        "timestamp": "2025-08-28T18:55:28.171135726"
    }
}