{
    "sarscov2-gff3-gtf": {
        "content": [
            [
                [
                    {
                        "id": "test"
                    },
                    "test.gtf:md5,1ea0ae98d3388e0576407dc4a24ef428"
                ]
            ],
            [
                
            ],
            [
                
            ],
            [
                "versions",
                [
                    [
                        "GFFREAD",
                        "gffread",
                        "0.12.7"
                    ]
                ]
            ]
        ],
        "meta": {
            "nf-test": "0.9.2",
            "nextflow": "25.04.6"
        },
        "timestamp": "2025-08-29T09:14:01.225733728"
    },
    "sarscov2-gff3-gff3": {
        "content": [
            [
                
            ],
            [
                [
                    {
                        "id": "test"
                    },
                    "test.gff3:md5,c4e5da6267c6bee5899a2c204ae1ad91"
                ]
            ],
            [
                
            ],
            [
                "versions",
                [
                    [
                        "GFFREAD",
                        "gffread",
                        "0.12.7"
                    ]
                ]
            ]
        ],
        "meta": {
            "nf-test": "0.9.2",
            "nextflow": "25.04.6"
        },
        "timestamp": "2025-08-29T09:14:22.203975573"
    },
    "sarscov2-gff3-gtf-stub": {
        "content": [
            [
                [
                    {
                        "id": "test"
                    },
                    "test.gtf:md5,d41d8cd98f00b204e9800998ecf8427e"
                ]
            ],
            [
                
            ],
            [
                
            ],
            [
                "versions",
                [
                    [
                        "GFFREAD",
                        "gffread",
                        "0.12.7"
                    ]
                ]
            ]
        ],
        "meta": {
            "nf-test": "0.9.2",
            "nextflow": "25.04.6"
        },
        "timestamp": "2025-08-29T09:14:11.914947075"
    },
    "sarscov2-gff3-fasta-stub": {
        "content": [
            [
                
            ],
            [
                
            ],
            [
                [
                    {
                        "id": "test"
                    },
                    "test.fasta:md5,d41d8cd98f00b204e9800998ecf8427e"
                ]
            ],
            [
                "versions",
                [
                    [
                        "GFFREAD",
                        "gffread",
                        "0.12.7"
                    ]
                ]
            ]
        ],
        "meta": {
            "nf-test": "0.9.2",
            "nextflow": "25.04.6"
        },
        "timestamp": "2025-08-29T09:14:52.916043608"
    },
    "sarscov2-gff3-gff3-stub": {
        "content": [
            [
                
            ],
            [
                [
                    {
                        "id": "test"
                    },
                    "test.gff3:md5,d41d8cd98f00b204e9800998ecf8427e"
                ]
            ],
            [
                
            ],
            [
                "versions",
                [
                    [
                        "GFFREAD",
                        "gffread",
                        "0.12.7"
                    ]
                ]
            ]
        ],
        "meta": {
            "nf-test": "0.9.2",
            "nextflow": "25.04.6"
        },
        "timestamp": "2025-08-29T09:14:32.709195572"
    },
    "sarscov2-gff3-fasta": {
        "content": [
            [
                
            ],
            [
                
            ],
            [
                [
                    {
                        "id": "test"
                    },
                    "test.fasta:md5,5f8108fb51739a0588ccf0a251de919a"
                ]
            ],
            [
                "versions",
                [
                    [
                        "GFFREAD",
                        "gffread",
                        "0.12.7"
                    ]
                ]
            ]
        ],
        "meta": {
            "nf-test": "0.9.2",
            "nextflow": "25.04.6"
        },
        "timestamp": "2025-08-29T09:14:42.614805334"
    }
}