{
    "sarscov2_bed_tbi": {
        "content": [
            [
                [
                    {
                        "id": "tbi_test"
                    },
                    "tbi_test.bed.gz:md5,fe4053cf4de3aebbdfc3be2efb125a74",
                    "tbi_test.bed.gz.tbi:md5,ca06caf88b1e3c67d5fcba0a1460b52c"
                ]
            ],
            [
                "versions",
                [
                    [
                        "TABIX_BGZIPTABIX",
                        "tabix",
                        "1.21"
                    ]
                ]
            ]
        ],
        "meta": {
            "nf-test": "0.9.2",
            "nextflow": "25.04.6"
        },
        "timestamp": "2025-08-29T11:31:35.976518082"
    },
    "sarscov2_bed_csi": {
        "content": [
            [
                [
                    {
                        "id": "csi_test"
                    },
                    "csi_test.bed.gz:md5,fe4053cf4de3aebbdfc3be2efb125a74",
                    "csi_test.bed.gz.csi:md5,c9c0377de58fdc89672bb3005a0d69f5"
                ]
            ],
            [
                "versions",
                [
                    [
                        "TABIX_BGZIPTABIX",
                        "tabix",
                        "1.21"
                    ]
                ]
            ]
        ],
        "meta": {
            "nf-test": "0.9.2",
            "nextflow": "25.04.6"
        },
        "timestamp": "2025-08-29T11:31:45.343128553"
    },
    "sarscov2_bed_tbi_stub": {
        "content": [
            [
                [
                    {
                        "id": "test"
                    },
                    "test.bed.gz:md5,68b329da9893e34099c7d8ad5cb9c940",
                    "test.bed.gz.tbi:md5,d41d8cd98f00b204e9800998ecf8427e"
                ]
            ],
            [
                "versions",
                [
                    [
                        "TABIX_BGZIPTABIX",
                        "tabix",
                        "1.21"
                    ]
                ]
            ]
        ],
        "meta": {
            "nf-test": "0.9.2",
            "nextflow": "25.04.6"
        },
        "timestamp": "2025-08-29T11:32:07.362537184"
    },
    "sarscov2_bed_csi_stub": {
        "content": [
            [
                [
                    {
                        "id": "test"
                    },
                    "test.bed.gz:md5,68b329da9893e34099c7d8ad5cb9c940",
                    "test.bed.gz.csi:md5,d41d8cd98f00b204e9800998ecf8427e"
                ]
            ],
            [
                "versions",
                [
                    [
                        "TABIX_BGZIPTABIX",
                        "tabix",
                        "1.21"
                    ]
                ]
            ]
        ],
        "meta": {
            "nf-test": "0.9.2",
            "nextflow": "25.04.6"
        },
        "timestamp": "2025-08-29T11:31:56.149601593"
    }
}