{
    "test_samtools_faidx": {
        "content": [
            [
                
            ],
            [
                
            ],
            [
                [
                    {
                        "id": "test"
                    },
                    "genome.fasta.fai:md5,9da2a56e2853dc8c0b86a9e7229c9fe5"
                ]
            ],
            [
                
            ],
            [
                "versions",
                [
                    [
                        "SAMTOOLS_FAIDX",
                        "samtools",
                        "1.21"
                    ]
                ]
            ]
        ],
        "meta": {
            "nf-test": "0.9.2",
            "nextflow": "25.04.6"
        },
        "timestamp": "2025-08-29T11:16:20.058706931"
    },
    "test_samtools_faidx_get_sizes_bgzip - stub": {
        "content": [
            [
                
            ],
            [
                [
                    {
                        "id": "test"
                    },
                    "genome.fasta.gz.sizes:md5,d41d8cd98f00b204e9800998ecf8427e"
                ]
            ],
            [
                [
                    {
                        "id": "test"
                    },
                    "genome.fasta.gz.fai:md5,d41d8cd98f00b204e9800998ecf8427e"
                ]
            ],
            [
                [
                    {
                        "id": "test"
                    },
                    "genome.fasta.gz.gzi:md5,d41d8cd98f00b204e9800998ecf8427e"
                ]
            ],
            [
                "versions",
                [
                    [
                        "SAMTOOLS_FAIDX",
                        "samtools",
                        "1.21"
                    ]
                ]
            ]
        ],
        "meta": {
            "nf-test": "0.9.2",
            "nextflow": "25.04.6"
        },
        "timestamp": "2025-08-29T11:17:14.089681291"
    },
    "test_samtools_faidx_get_sizes": {
        "content": [
            [
                
            ],
            [
                [
                    {
                        "id": "test"
                    },
                    "genome.fasta.sizes:md5,a57c401f27ae5133823fb09fb21c8a3c"
                ]
            ],
            [
                [
                    {
                        "id": "test"
                    },
                    "genome.fasta.fai:md5,9da2a56e2853dc8c0b86a9e7229c9fe5"
                ]
            ],
            [
                
            ],
            [
                "versions",
                [
                    [
                        "SAMTOOLS_FAIDX",
                        "samtools",
                        "1.21"
                    ]
                ]
            ]
        ],
        "meta": {
            "nf-test": "0.9.2",
            "nextflow": "25.04.6"
        },
        "timestamp": "2025-08-29T11:16:53.752498044"
    },
    "test_samtools_faidx_bgzip": {
        "content": [
            [
                
            ],
            [
                
            ],
            [
                [
                    {
                        "id": "test"
                    },
                    "genome.fasta.fai:md5,9da2a56e2853dc8c0b86a9e7229c9fe5"
                ]
            ],
            [
                
            ],
            [
                "versions",
                [
                    [
                        "SAMTOOLS_FAIDX",
                        "samtools",
                        "1.21"
                    ]
                ]
            ]
        ],
        "meta": {
            "nf-test": "0.9.2",
            "nextflow": "25.04.6"
        },
        "timestamp": "2025-08-29T11:16:24.545874833"
    },
    "test_samtools_faidx_fasta": {
        "content": [
            [
                [
                    {
                        "id": "test"
                    },
                    "extract.fa:md5,6a0774a0ad937ba0bfd2ac7457d90f36"
                ]
            ],
            [
                
            ],
            [
                
            ],
            [
                
            ],
            [
                "versions",
                [
                    [
                        "SAMTOOLS_FAIDX",
                        "samtools",
                        "1.21"
                    ]
                ]
            ]
        ],
        "meta": {
            "nf-test": "0.9.2",
            "nextflow": "25.04.6"
        },
        "timestamp": "2025-08-29T11:16:30.559414522"
    },
    "test_samtools_faidx_get_sizes - stub": {
        "content": [
            [
                
            ],
            [
                [
                    {
                        "id": "test"
                    },
                    "genome.fasta.sizes:md5,d41d8cd98f00b204e9800998ecf8427e"
                ]
            ],
            [
                [
                    {
                        "id": "test"
                    },
                    "genome.fasta.fai:md5,d41d8cd98f00b204e9800998ecf8427e"
                ]
            ],
            [
                
            ],
            [
                "versions",
                [
                    [
                        "SAMTOOLS_FAIDX",
                        "samtools",
                        "1.21"
                    ]
                ]
            ]
        ],
        "meta": {
            "nf-test": "0.9.2",
            "nextflow": "25.04.6"
        },
        "timestamp": "2025-08-29T11:17:07.638156281"
    },
    "test_samtools_faidx_stub_fasta": {
        "content": [
            [
                [
                    {
                        "id": "test"
                    },
                    "extract.fa:md5,9da2a56e2853dc8c0b86a9e7229c9fe5"
                ]
            ],
            [
                
            ],
            [
                
            ],
            [
                
            ],
            [
                "versions",
                [
                    [
                        "SAMTOOLS_FAIDX",
                        "samtools",
                        "1.21"
                    ]
                ]
            ]
        ],
        "meta": {
            "nf-test": "0.9.2",
            "nextflow": "25.04.6"
        },
        "timestamp": "2025-08-29T11:16:38.62542973"
    },
    "test_samtools_faidx_stub_fai": {
        "content": [
            [
                
            ],
            [
                
            ],
            [
                [
                    {
                        "id": "test"
                    },
                    "genome.fasta.fai:md5,9da2a56e2853dc8c0b86a9e7229c9fe5"
                ]
            ],
            [
                
            ],
            [
                "versions",
                [
                    [
                        "SAMTOOLS_FAIDX",
                        "samtools",
                        "1.21"
                    ]
                ]
            ]
        ],
        "meta": {
            "nf-test": "0.9.2",
            "nextflow": "25.04.6"
        },
        "timestamp": "2025-08-29T11:16:46.932044328"
    },
    "test_samtools_faidx_get_sizes_bgzip": {
        "content": [
            [
                
            ],
            [
                [
                    {
                        "id": "test"
                    },
                    "genome.fasta.gz.sizes:md5,a57c401f27ae5133823fb09fb21c8a3c"
                ]
            ],
            [
                [
                    {
                        "id": "test"
                    },
                    "genome.fasta.gz.fai:md5,9da2a56e2853dc8c0b86a9e7229c9fe5"
                ]
            ],
            [
                [
                    {
                        "id": "test"
                    },
                    "genome.fasta.gz.gzi:md5,7dea362b3fac8e00956a4952a3d4f474"
                ]
            ],
            [
                "versions",
                [
                    [
                        "SAMTOOLS_FAIDX",
                        "samtools",
                        "1.21"
                    ]
                ]
            ]
        ],
        "meta": {
            "nf-test": "0.9.2",
            "nextflow": "25.04.6"
        },
        "timestamp": "2025-08-29T11:17:00.734165786"
    }
}