{
    "test - stub": {
        "content": [
            [
                [
                    {
                        "id": "genome"
                    },
                    "genome.splice_sites.txt:md5,d41d8cd98f00b204e9800998ecf8427e"
                ]
            ],
            [
                "versions",
                [
                    [
                        "HISAT2_EXTRACTSPLICESITES",
                        "hisat2",
                        "2.2.1"
                    ]
                ]
            ]
        ],
        "meta": {
            "nf-test": "0.9.2",
            "nextflow": "25.04.6"
        },
        "timestamp": "2025-08-29T09:16:07.549592443"
    },
    "Should run without failures": {
        "content": [
            "genome.splice_sites.txt",
            [
                "versions",
                [
                    [
                        "HISAT2_EXTRACTSPLICESITES",
                        "hisat2",
                        "2.2.1"
                    ]
                ]
            ]
        ],
        "meta": {
            "nf-test": "0.9.2",
            "nextflow": "25.04.6"
        },
        "timestamp": "2025-08-29T09:15:54.11076905"
    }
}